#Class name or Id of element is not important
related_library_content
footer
footer-copyright
footer-logo
footer-website
comment
comments
Sociable
email-print
share
mingid-comment
share_buttons
tinlienquan
more_news
discussion_tools
comment_box
box_comment
dzone-social-buttons
authorMetaData
print-link
js-frame-loading-spinner
phanhoiitem
VCObjectBoxRelatedNewsContentWrapper
SexyAlertBoxComment-Box
facebook_comment
socialfb
likefb
box_other_news
fb-comments
fb_iframe_widget
facebook
fbFeedbackContent
trend_link
fb-recommendations
storycomment
ctl00_leftContent_ND_CM1_pnComment
reddit
google-plus
retweet
facebook_like
comments_template
disqus_thread
discover_articles
reference_news
acknowledgement
disclaimer
iLikeThis
socialboxbottom
share_more
box-news-suggest
tool_bar
tag
tags
tags-on-articles
meta-share
share-btn
share_links
voting
print_html
comment_forbidden
cap2-boxtop-note
entry-share
like_f_like_Wraper
author_block
shareinpost
socialwrap
shareFB-green
read-later-control
listen-control
font-size-control
facebook-control
twitter-control
hubspot-signup
email-opt-in-container
sharebar
social4i
socialicons
share-buttons
share-button-boxy
social-stub
social-share